
> personal_profile@0.0.0 build
> vite build

[36mvite v7.3.0 [32mbuilding client environment for production...[36m[39m
transforming...
[32mΓ£ô[39m 3 modules transformed.
node.exe : [31mΓ£ù[39m Build failed in 189ms
At line:1 char:1
+ & "C:\Program Files\nodejs/node.exe" 
"C:\Users\saura\AppData\Roaming\ ...
+ ~~~~~~~~~~~~~~~~~~~~~~~~~~~~~~~~~~~~~~~~~~~~~~~~~~~~~~~~~~~~~~
~~~~~~~
    + CategoryInfo          : NotSpecified: ([31mΓ£ù[39m Buil 
   d failed in 189ms:String) [], RemoteException
    + FullyQualifiedErrorId : NativeCommandError
 
[31merror during build:
[31mCould not resolve "./index.css" from "src/main.jsx"[31m
file: [36mC:/Documents/personal_profile/src/main.jsx[31m
    at getRollupError (file:///C:/Documents/personal_profile/nod
e_modules/rollup/dist/es/shared/parseAst.js:401:41)
    at error (file:///C:/Documents/personal_profile/node_modules
/rollup/dist/es/shared/parseAst.js:397:42)
    at ModuleLoader.handleInvalidResolvedId (file:///C:/Document
s/personal_profile/node_modules/rollup/dist/es/shared/node-entry
.js:21661:24)
    at file:///C:/Documents/personal_profile/node_modules/rollup
/dist/es/shared/node-entry.js:21621:26[39m
